// Jest Snapshot v1, https://goo.gl/fbAQLP

exports[`Main Should render correctly 1`] = `
<h1>
  Welcome
</h1>
`;
